[INFO] Fake IP (X-Forwarded-For) is enabled. Ignoring any proxy settings and using raw connection.
[INFO] Needs session token. Fetching new auto-session token...
[INFO] Attempting session fetch (Attempt 1/3) [Spoofing IP: 242.34.34.219]...
[WARN] Direct API fetch failed [Status: 403]. Trying Solver Fallback...
[SUCCESS] Session token extracted via Solver Fallback.
[INFO] Auto-session created: 89f3c8cb-4096-48...
[INFO] Proxy Wallet generated for session: nano_1f4hf7qawujiea9khgfpajea1gtkg977rp5ezpaqs11soidnp83jw1job7jg
[INFO] Connecting to wss://api.thenanobutton.com/ws?token=89f3c8cb-4096-48c2-ac3d-3b4658429e89...
[WS ERROR] Unexpected server response: 403
[WS] Disconnected.
[WS] Reconnecting in 5s...
[INFO] Connecting to wss://api.thenanobutton.com/ws?token=89f3c8cb-4096-48c2-ac3d-3b4658429e89...
[WS ERROR] Unexpected server response: 403
[WS] Disconnected.
[WS] Reconnecting in 5s...
[INFO] Connecting to wss://api.thenanobutton.com/ws?token=89f3c8cb-4096-48c2-ac3d-3b4658429e89...
[WS ERROR] Unexpected server response: 403
[WS] Disconnected.
[WS] Reconnecting in 5s...
[INFO] Connecting to wss://api.thenanobutton.com/ws?token=89f3c8cb-4096-48c2-ac3d-3b4658429e89...
[WS ERROR] Unexpected server response: 403
[WS] Disconnected.
[WS] Reconnecting in 5s...
[INFO] Connecting to wss://api.thenanobutton.com/ws?token=89f3c8cb-4096-48c2-ac3d-3b4658429e89...
[WS ERROR] Unexpected server response: 403
[WS] Disconnected.
[WS] Reconnecting in 5s...
[INFO] Connecting to wss://api.thenanobutton.com/ws?token=89f3c8cb-4096-48c2-ac3d-3b4658429e89...
[WS ERROR] Unexpected server response: 403
[WS] Disconnected.
[WS] Reconnecting in 5s...
[INFO] Connecting to wss://api.thenanobutton.com/ws?token=89f3c8cb-4096-48c2-ac3d-3b4658429e89...
[WS ERROR] Unexpected server response: 403
[WS] Disconnected.
[WS] Reconnecting in 5s...
[INFO] Connecting to wss://api.thenanobutton.com/ws?token=89f3c8cb-4096-48c2-ac3d-3b4658429e89...
[WS ERROR] Unexpected server response: 403
[WS] Disconnected.
[WS] Reconnecting in 5s...
